// Jest Snapshot v1, https://goo.gl/fbAQLP

exports[`App component renders correctly 1`] = `
<div
  className="App"
>
  <h1>
    TEMPLATE REACT APP
  </h1>
</div>
`;
